nohup: ignoring input
collected 91/97
    symbol quarter_end
  RELIANCE  2026-06-30
       TCS  2026-06-30
      INFY  2026-06-30
  HDFCBANK  2026-06-30
 ICICIBANK  2026-06-30
      SBIN  2026-06-30
BHARTIARTL  2026-06-30
       ITC  2026-06-30
        LT  2026-06-30
  AXISBANK  2026-06-30
BAJFINANCE  2026-06-30
    MARUTI  2026-06-30
 SUNPHARMA  2026-06-30
 TATASTEEL  2026-06-30
ULTRACEMCO  2026-06-30
HINDUNILVR  2026-06-30
 KOTAKBANK  2026-06-30
     WIPRO  2026-06-30
      ONGC  2026-06-30
      NTPC  2026-06-30
  ADANIENT  2026-06-30
ADANIPORTS  2026-06-30
  JSWSTEEL  2026-06-30
BAJAJFINSV  2026-06-30
BAJAJ-AUTO  2026-06-30
HEROMOTOCO  2026-06-30
     CIPLA  2026-06-30
   DRREDDY  2026-06-30
 NESTLEIND  2026-06-30
 BRITANNIA  2026-06-30
ASIANPAINT  2026-06-30
 EICHERMOT  2026-06-30
    GRASIM  2026-06-30
     TECHM  2026-06-30
   HCLTECH  2026-06-30
     TITAN  2026-06-30
      GAIL  2026-06-30
      BPCL  2026-06-30
       IOC  2026-06-30
  HINDALCO  2026-06-30
      VEDL  2026-06-30
   YESBANK  2026-06-30
       PNB  2026-06-30
BANKBARODA  2026-06-30
     CANBK  2026-06-30
IDFCFIRSTB  2026-06-30
FEDERALBNK  2026-06-30
     IRCTC  2026-06-30
    INDIGO  2026-06-30
      ZEEL  2026-06-30
     LUPIN  2026-06-30
       M&M  2026-06-30
MUTHOOTFIN  2026-06-30
       PFC  2026-06-30
    RECLTD  2026-06-30
   SIEMENS  2026-06-30
     PIIND  2026-06-30
   POLYCAB  2026-06-30
TORNTPHARM  2026-06-30
  TVSMOTOR  2026-06-30
   HAVELLS  2026-06-30
     DABUR  2026-06-30
  GODREJCP  2026-06-30
    MARICO  2026-06-30
     DIXON  2026-06-30
       HAL  2026-06-30
       BEL  2026-06-30
SHRIRAMFIN  2026-06-30
       MRF  2026-06-30
       ABB  2026-06-30
 AMBUJACEM  2026-06-30
     DABUR  2026-06-30
      BHEL  2026-06-30
      RVNL  2026-06-30
      SJVN  2026-06-30
    SUZLON  2026-06-30
     TRENT  2026-06-30
     DMART  2026-06-30
APOLLOHOSP  2026-06-30
 MAXHEALTH  2026-06-30
AUROPHARMA  2026-06-30
 ZYDUSLIFE  2026-06-30
  BOSCHLTD  2026-06-30
MOTILALOFS  2026-06-30
    NAUKRI  2026-06-30
   COFORGE  2026-06-30
PERSISTENT  2026-06-30
TATACONSUM  2026-06-30
 TATAPOWER  2026-06-30
    VOLTAS  2026-06-30
   SYNGENE  2026-06-30
